"ShapeClassifier.evaluateGuess_MODLTR-A_GRF-1.jpg" "ShapeClassifi...peClassifier()"
"ShapeClassifier.evaluateGuess_MODLTR-A_GRF-2.jpg" "ShapeClassifi...peClassifier()"
"ShapeClassifier.evaluateGuess_MODLTR-A_GRF-3.jpg" "ShapeClassifi...peClassifier()"
"ShapeClassifier.evaluateGuess_MODLTR-C_GRF-1.jpg" "ShapeClassifi...Perimeter(int)"
"ShapeClassifier.evaluateGuess_MODLTR-C_GRF-2.jpg" "ShapeClassifi...Perimeter(int)"
"ShapeClassifier.evaluateGuess_MODLTR-C_GRF-3.jpg" "ShapeClassifi...Perimeter(int)"
"ShapeClassifier.evaluateGuess_MODLTR-G_GRF-1.jpg" "ShapeClassifi...meter(int,int)"
"ShapeClassifier.evaluateGuess_MODLTR-G_GRF-2.jpg" "ShapeClassifi...meter(int,int)"
"ShapeClassifier.evaluateGuess_MODLTR-G_GRF-3.jpg" "ShapeClassifi...meter(int,int)"
"ShapeClassifier.evaluateGuess_MODLTR-E_GRF-1.jpg" "ShapeClassifi...t,int,int,int)"
"ShapeClassifier.evaluateGuess_MODLTR-E_GRF-2.jpg" "ShapeClassifi...t,int,int,int)"
"ShapeClassifier.evaluateGuess_MODLTR-E_GRF-3.jpg" "ShapeClassifi...t,int,int,int)"
"ShapeClassifier.evaluateGuess_MODLTR-D_GRF-1.jpg" "ShapeClassifi...Perimeter(int)"
"ShapeClassifier.evaluateGuess_MODLTR-D_GRF-2.jpg" "ShapeClassifi...Perimeter(int)"
"ShapeClassifier.evaluateGuess_MODLTR-D_GRF-3.jpg" "ShapeClassifi...Perimeter(int)"
"ShapeClassifier.evaluateGuess_MODLTR-F_GRF-1.jpg" "ShapeClassifi...r(int,int,int)"
"ShapeClassifier.evaluateGuess_MODLTR-F_GRF-2.jpg" "ShapeClassifi...r(int,int,int)"
"ShapeClassifier.evaluateGuess_MODLTR-F_GRF-3.jpg" "ShapeClassifi...r(int,int,int)"
"ShapeClassifier.evaluateGuess_MODLTR-L_GRF-1.jpg" "ShapeClassifi...eters(int,int)"
"ShapeClassifier.evaluateGuess_MODLTR-L_GRF-2.jpg" "ShapeClassifi...eters(int,int)"
"ShapeClassifier.evaluateGuess_MODLTR-L_GRF-3.jpg" "ShapeClassifi...eters(int,int)"
"ShapeClassifier.evaluateGuess_MODLTR-N_GRF-1.jpg" "ShapeClassifi...s(int,int,int)"
"ShapeClassifier.evaluateGuess_MODLTR-N_GRF-2.jpg" "ShapeClassifi...s(int,int,int)"
"ShapeClassifier.evaluateGuess_MODLTR-N_GRF-3.jpg" "ShapeClassifi...s(int,int,int)"
"ShapeClassifier.evaluateGuess_MODLTR-M_GRF-1.jpg" "ShapeClassifi...t,int,int,int)"
"ShapeClassifier.evaluateGuess_MODLTR-M_GRF-2.jpg" "ShapeClassifi...t,int,int,int)"
"ShapeClassifier.evaluateGuess_MODLTR-M_GRF-3.jpg" "ShapeClassifi...t,int,int,int)"
"ShapeClassifier.evaluateGuess_MODLTR-B_GRF-1.jpg" "ShapeClassifi...a.lang.String)"
"ShapeClassifier.evaluateGuess_MODLTR-B_GRF-2.jpg" "ShapeClassifi...a.lang.String)"
"ShapeClassifier.evaluateGuess_MODLTR-B_GRF-3.jpg" "ShapeClassifi...a.lang.String)"
"ShapeClassifier.evaluateGuess_MODLTR-I_GRF-1.jpg" "ShapeClassifi...a.lang.String)"
"ShapeClassifier.evaluateGuess_MODLTR-I_GRF-2.jpg" "ShapeClassifi...a.lang.String)"
"ShapeClassifier.evaluateGuess_MODLTR-I_GRF-3.jpg" "ShapeClassifi...a.lang.String)"
"ShapeClassifier.evaluateGuess_MODLTR-H_GRF-1.jpg" "ShapeClassifi...a.lang.String)"
"ShapeClassifier.evaluateGuess_MODLTR-H_GRF-2.jpg" "ShapeClassifi...a.lang.String)"
"ShapeClassifier.evaluateGuess_MODLTR-H_GRF-3.jpg" "ShapeClassifi...a.lang.String)"
"ShapeClassifier.evaluateGuess_MODLTR-K_GRF-1.jpg" "ShapeClassifi...a.lang.String)"
"ShapeClassifier.evaluateGuess_MODLTR-K_GRF-2.jpg" "ShapeClassifi...a.lang.String)"
"ShapeClassifier.evaluateGuess_MODLTR-K_GRF-3.jpg" "ShapeClassifi...a.lang.String)"
"ShapeClassifier.evaluateGuess_MODLTR-J_GRF-1.jpg" "ShapeClassifi...a.lang.String)"
"ShapeClassifier.evaluateGuess_MODLTR-J_GRF-2.jpg" "ShapeClassifi...a.lang.String)"
"ShapeClassifier.evaluateGuess_MODLTR-J_GRF-3.jpg" "ShapeClassifi...a.lang.String)"
"ShapeClassifier.evaluateGuess_MODLTR-A_ASL.jpg" "listing"
"ShapeClassifier.evaluateGuess_MODLTR-C_ASL.jpg" "listing"
"ShapeClassifier.evaluateGuess_MODLTR-G_ASL.jpg" "listing"
"ShapeClassifier.evaluateGuess_MODLTR-E_ASL.jpg" "listing"
"ShapeClassifier.evaluateGuess_MODLTR-D_ASL.jpg" "listing"
"ShapeClassifier.evaluateGuess_MODLTR-F_ASL.jpg" "listing"
"ShapeClassifier.evaluateGuess_MODLTR-L_ASL.jpg" "listing"
"ShapeClassifier.evaluateGuess_MODLTR-N_ASL.jpg" "listing"
"ShapeClassifier.evaluateGuess_MODLTR-M_ASL.jpg" "listing"
"ShapeClassifier.evaluateGuess_MODLTR-B_ASL.jpg" "listing"
"ShapeClassifier.evaluateGuess_MODLTR-I_ASL.jpg" "listing"
"ShapeClassifier.evaluateGuess_MODLTR-H_ASL.jpg" "listing"
"ShapeClassifier.evaluateGuess_MODLTR-K_ASL.jpg" "listing"
"ShapeClassifier.evaluateGuess_MODLTR-J_ASL.jpg" "listing"
